# 服务诊断日志样例（2024-06-01，供 log_analyzer.py 直接运行验证）
2024-06-01 08:00:01 INFO  SVC-001 CPU 温度正常 32C
2024-06-01 08:00:05 WARN  NODE-003 磁盘温度偏高 85C
2024-06-01 08:00:10 ERROR SVC-001 内存水位异常 0.15V
2024-06-01 08:00:15 INFO  NODE-002 延迟 60ms
2024-06-01 08:00:20 ERROR NODE-003 网络限流触发 320MB/s
2024-06-01 08:00:25 INFO  SVC-002 CPU 温度正常 31C
2024-06-01 08:00:30 WARN  NODE-002 队列延迟偏高 120ms
2024-06-01 08:00:35 ERROR SVC-001 内存水位异常 0.16V
2024-06-01 08:00:40 INFO  NODE-003 磁盘吞吐正常 45MB/s

2024-06-01 09:00:02 INFO  SVC-001 CPU 温度正常 33C
2024-06-01 09:00:08 WARN  SVC-001 充电电流偏高 96A
2024-06-01 09:00:14 ERROR NODE-003 网络限流再次触发
2024-06-01 09:00:20 INFO  NODE-002 延迟 55ms
2024-06-01 09:00:26 WARN  SVC-002 内存水位偏差偏高 4C
2024-06-01 09:00:32 INFO  NODE-003 磁盘温度正常 62C
2024-06-01 09:00:38 ERROR NODE-002 通信超时
2024-06-01 09:00:44 WARN  SVC-001 充电电流偏高 98A
2024-06-01 09:00:50 INFO  SVC-002 CPU 温度正常 30C
2024-06-01 09:00:56 ERROR SVC-001 内存水位异常 0.17V

2024-06-01 10:00:03 INFO  NODE-002 延迟 45ms
2024-06-01 10:00:09 WARN  NODE-003 磁盘温度偏高 86C
2024-06-01 10:00:15 ERROR NODE-003 网络限流三次触发
2024-06-01 10:00:21 INFO  SVC-001 CPU 温度正常 32C
2024-06-01 10:00:27 INFO  SVC-002 CPU 温度正常 31C
