# 车联网车辆诊断日志样例（2024-06-01，供 log_analyzer.py 直接运行验证）
2024-06-01 08:00:01 INFO  BMS-001 电池温度正常 32C
2024-06-01 08:00:05 WARN  MCU-003 电机温度偏高 85C
2024-06-01 08:00:10 ERROR BMS-001 电芯压差异常 0.15V
2024-06-01 08:00:15 INFO  VCU-002 车速 60km/h
2024-06-01 08:00:20 ERROR MCU-003 过流保护触发 320A
2024-06-01 08:00:25 INFO  BMS-002 电池温度正常 31C
2024-06-01 08:00:30 WARN  VCU-002 通信延迟偏高 120ms
2024-06-01 08:00:35 ERROR BMS-001 电芯压差异常 0.16V
2024-06-01 08:00:40 INFO  MCU-003 电机电流正常 45A

2024-06-01 09:00:02 INFO  BMS-001 电池温度正常 33C
2024-06-01 09:00:08 WARN  BMS-001 充电电流偏高 96A
2024-06-01 09:00:14 ERROR MCU-003 过流保护再次触发
2024-06-01 09:00:20 INFO  VCU-002 车速 55km/h
2024-06-01 09:00:26 WARN  BMS-002 电芯温差偏高 4C
2024-06-01 09:00:32 INFO  MCU-003 电机温度正常 62C
2024-06-01 09:00:38 ERROR VCU-002 通信超时
2024-06-01 09:00:44 WARN  BMS-001 充电电流偏高 98A
2024-06-01 09:00:50 INFO  BMS-002 电池温度正常 30C
2024-06-01 09:00:56 ERROR BMS-001 电芯压差异常 0.17V

2024-06-01 10:00:03 INFO  VCU-002 车速 45km/h
2024-06-01 10:00:09 WARN  MCU-003 电机温度偏高 86C
2024-06-01 10:00:15 ERROR MCU-003 过流保护三次触发
2024-06-01 10:00:21 INFO  BMS-001 电池温度正常 32C
2024-06-01 10:00:27 INFO  BMS-002 电池温度正常 31C
